// Jest Snapshot v1, https://goo.gl/fbAQLP

exports[`useWhatsNextItems should return a list of whats next items 1`] = `
Array [
  Object {
    "cta": Object {
      "analytics": Object {
        "app_name": "test-application",
        "link_location": "whats-next",
        "link_name": "add-component",
        "workspace": undefined,
      },
      "disabled": false,
      "disabledTooltip": "You don't have access to add a component",
      "href": "/application-pipeline/workspaces/undefined/import?application=test-application",
      "label": "Add component",
      "testId": "add-component",
    },
    "description": "Grow your application by adding components.",
    "helpLink": "https://konflux-ci.dev/docs/how-tos/creating/",
    "icon": "test-file-stub",
    "title": "Grow your application",
  },
  Object {
    "cta": Object {
      "analytics": Object {
        "app_name": "test-application",
        "link_location": "whats-next",
        "link_name": "add-test",
        "workspace": undefined,
      },
      "disabled": false,
      "disabledTooltip": "You don't have access to add an integration test",
      "href": "/application-pipeline/workspaces/undefined/applications/test-application/integrationtests/add",
      "label": "Add a test",
      "testId": "add-test",
    },
    "description": "Integration tests run in parallel, validating each new component build with the latest version of all other components.",
    "helpLink": "https://konflux-ci.dev/docs/how-tos/testing/integration/adding/",
    "icon": "test-file-stub",
    "title": "Add integration tests",
  },
  Object {
    "cta": Object {
      "analytics": Object {
        "app_name": "test-application",
        "link_location": "whats-next",
        "link_name": "add-release-plan",
        "workspace": undefined,
      },
      "disabled": false,
      "disabledTooltip": "You don't have access to create a release plan",
      "href": "/application-pipeline/release/workspaces/undefined/release-plan/create",
      "label": "Create a plan",
      "testId": "add-release-plan",
    },
    "description": "A release object represents deployable snapshot of your application. To release your code, create a release plan with release details.",
    "helpLink": "https://konflux-ci.dev/docs/advanced-how-tos/releasing/",
    "icon": "test-file-stub",
    "title": "Create a release plan",
  },
  Object {
    "cta": Object {
      "analytics": Object {
        "app_name": "test-application",
        "link_location": "whats-next",
        "link_name": "install-github-app",
        "workspace": undefined,
      },
      "external": true,
      "href": "https://github.com/test-app",
      "label": "Start the flow",
    },
    "description": "Install the GitHub app to monitor your work from a commit to deployment.",
    "helpLink": "https://konflux-ci.dev/docs/how-tos/creating/",
    "icon": "test-file-stub",
    "title": "Install our GitHub app",
  },
  Object {
    "cta": Object {
      "analytics": Object {
        "app_name": "test-application",
        "link_location": "whats-next",
        "link_name": "view-build-activity",
        "workspace": undefined,
      },
      "href": "/application-pipeline/workspaces/undefined/applications/test-application/activity",
      "label": "View build activity",
    },
    "description": "Make a change to your source code to automatically trigger a new build.",
    "helpLink": "https://konflux-ci.dev/docs/how-tos/creating/",
    "icon": "test-file-stub",
    "title": "Make a code change",
  },
  Object {
    "cta": Object {
      "analytics": Object {
        "app_name": "test-application",
        "link_location": "whats-next",
        "link_name": "manage-build-pipelines",
        "workspace": undefined,
      },
      "label": "Manage build pipelines",
      "onClick": [Function],
    },
    "description": "Add some automation by upgrading your default build pipelines to custom build pipelines.",
    "helpLink": "https://konflux-ci.dev/docs/how-tos/configuring/customizing-the-build/",
    "icon": "test-file-stub",
    "title": "Manage build pipelines",
  },
]
`;
